
========================================
FINAL VARADHAN START
========================================
[2026-08-04 07:52:09] loading earthquake points from upstream/riemannian-score-sde/data/quakes_all.csv
[2026-08-04 07:52:09] split indices ready: train_indices.pt, validation_indices.pt
[2026-08-04 07:52:09] time samples ready: mode=curated-lowt train=time_samples.pt validation=validation_time_samples.pt
  epoch=  500  loss=1.634631e-01  best=1.586954e-01
  epoch= 1000  loss=2.782265e-02  best=2.499091e-02
  epoch= 1500  loss=6.090332e-03  best=6.150870e-03
  epoch= 2000  loss=2.166391e-03  best=2.162385e-03
  epoch= 2500  loss=1.252062e-03  best=1.379080e-03
  epoch= 3000  loss=1.491303e-03  best=1.265622e-03
[2026-08-04 08:25:41] teacher=varadhan training_path=direct_score
[2026-08-04 08:25:41] final_train_loss=1.265622e-03 validation_loss=3.784942e+01
[2026-08-04 08:25:41] mmd=1.646333e-02 geodesic_mean=1.003784e-01 norm_error=1.441989e-17

========================================
FINAL MALLIAVIN START
========================================
[2026-08-04 08:25:44] loading earthquake points from upstream/riemannian-score-sde/data/quakes_all.csv
[2026-08-04 08:25:44] split indices ready: train_indices.pt, validation_indices.pt
[2026-08-04 08:25:44] time samples ready: mode=curated-lowt train=time_samples.pt validation=validation_time_samples.pt
  epoch=  500  loss=1.488041e-01  best=1.453436e-01
  epoch= 1000  loss=2.341690e-02  best=2.320983e-02
  epoch= 1500  loss=5.284414e-03  best=5.516480e-03
  epoch= 2000  loss=2.672300e-03  best=2.316800e-03
  epoch= 2500  loss=1.811056e-03  best=1.549652e-03
  epoch= 3000  loss=1.178088e-03  best=1.402189e-03
[2026-08-04 18:44:07] teacher=malliavin training_path=marginal_skorokhod
[2026-08-04 18:44:07] final_train_loss=1.402189e-03 validation_loss=3.596765e+01
[2026-08-04 18:44:07] mmd=1.421287e-02 geodesic_mean=9.990699e-02 norm_error=1.409463e-17
saved results/earthquake_final_curated_lowt/earthquake_method_comparison.csv
saved results/earthquake_final_curated_lowt/earthquake_method_comparison.md

========================================
FINAL EARTHQUAKE TEACHER COMPARISON COMPLETED
========================================
# Earthquake Smoke Method Comparison

| teacher | final_train_loss | validation_loss | teacher_generation_seconds | training_seconds | reverse_sampling_seconds | s2_rbf_mmd | nearest_neighbor_geodesic_mean | nearest_neighbor_geodesic_median | nearest_neighbor_geodesic_max | generated_sample_norm_error |
|---|---|---|---|---|---|---|---|---|---|---|
| heat | 0.0013421124 | 36.354905 | 153.58568 | 1544.0973 | 481.37165 | 0.014554785 | 0.10529889 | 0.068955176 | 0.67076635 | 1.3959103e-17 |
| varadhan | 0.001265622 | 37.849423 | 75.86608 | 1548.2759 | 387.54896 | 0.016463333 | 0.1003784 | 0.064556338 | 0.68960141 | 1.4419889e-17 |
| malliavin | 0.0014021893 | 35.967651 | 35150.857 | 1536.4039 | 414.45804 | 0.014212869 | 0.099906991 | 0.060436252 | 0.6908874 | 1.4094628e-17 |
