experiment start
device: cuda
dtype: float64
seed: 0
n_paths: 512
n_steps: 16
terminal_time: 0.3
dataset generation start
dataset generation completed
metric computation start
metric computation completed
artifact paths
teacher_dataset: results/s2_malliavin_teacher_npaths_512/teacher_dataset.pt
metrics: results/s2_malliavin_teacher_npaths_512/metrics.json
run_config: results/s2_malliavin_teacher_npaths_512/run_config.json
total elapsed seconds: 836.614625
{
  "covariance_regularization": 1e-06,
  "device": "cuda",
  "dtype": "float64",
  "generation_seconds": 823.1896823346615,
  "geodesic_bins": [
    {
      "count": 151,
      "end_degrees": 26.30434840242712,
      "end_radians": 0.4590974872140636,
      "malliavin_vs_heat_mean_cosine": 0.9607313151798039,
      "malliavin_vs_heat_rmse": 0.15039721757640567,
      "malliavin_vs_varadhan_mean_cosine": 0.9607313151798039,
      "malliavin_vs_varadhan_rmse": 0.1514353439471376,
      "start_degrees": 0.0,
      "start_radians": 0.0,
      "varadhan_vs_heat_mean_cosine": 1.0,
      "varadhan_vs_heat_rmse": 0.03117268763197853
    },
    {
      "count": 246,
      "end_degrees": 52.60869680485424,
      "end_radians": 0.9181949744281273,
      "malliavin_vs_heat_mean_cosine": 0.9958589155181476,
      "malliavin_vs_heat_rmse": 0.18334223599633093,
      "malliavin_vs_varadhan_mean_cosine": 0.9958589155181476,
      "malliavin_vs_varadhan_rmse": 0.21150444640884705,
      "start_degrees": 26.30434840242712,
      "start_radians": 0.4590974872140636,
      "varadhan_vs_heat_mean_cosine": 1.0,
      "varadhan_vs_heat_rmse": 0.07063431777148092
    },
    {
      "count": 98,
      "end_degrees": 78.91304520728136,
      "end_radians": 1.3772924616421909,
      "malliavin_vs_heat_mean_cosine": 0.9946992787880263,
      "malliavin_vs_heat_rmse": 0.39642528297929996,
      "malliavin_vs_varadhan_mean_cosine": 0.9946992787880263,
      "malliavin_vs_varadhan_rmse": 0.49367576916906064,
      "start_degrees": 52.60869680485424,
      "start_radians": 0.9181949744281273,
      "varadhan_vs_heat_mean_cosine": 0.9999999999999999,
      "varadhan_vs_heat_rmse": 0.11716434840873925
    },
    {
      "count": 17,
      "end_degrees": 105.21739360970848,
      "end_radians": 1.8363899488562545,
      "malliavin_vs_heat_mean_cosine": 0.9566128606297288,
      "malliavin_vs_heat_rmse": 1.0135537651332531,
      "malliavin_vs_varadhan_mean_cosine": 0.9566128606297288,
      "malliavin_vs_varadhan_rmse": 1.1610714031275804,
      "start_degrees": 78.91304520728136,
      "start_radians": 1.3772924616421909,
      "varadhan_vs_heat_mean_cosine": 1.0,
      "varadhan_vs_heat_rmse": 0.18327608843918947
    }
  ],
  "heat_terms": 80,
  "knn_k": 16,
  "malliavin_vs_heat_mean_cosine": 0.9839739643780208,
  "malliavin_vs_heat_rmse": 0.29497616308196045,
  "malliavin_vs_varadhan_mean_cosine": 0.9839739643780208,
  "malliavin_vs_varadhan_rmse": 0.3459278990091529,
  "max_endpoint_norm_error": 2.220446049250313e-16,
  "max_geodesic_distance": 1.8363899488562545,
  "max_tangent_residual": 1.3322676295501878e-15,
  "mean_cosine_knn_vs_heat": 0.9839739643780208,
  "mean_geodesic_distance": 0.6764347904513557,
  "mean_largest_covariance_eigenvalue": 0.313641193428204,
  "mean_score_weight_norm": 2.2639143459469238,
  "mean_second_covariance_eigenvalue": 0.28386422405393646,
  "mean_smallest_covariance_eigenvalue": -8.616508844120257e-19,
  "metric_seconds": 13.424897376447916,
  "n_paths": 512,
  "n_steps": 16,
  "nan_rate": 0.0,
  "rmse_knn_vs_heat": 0.29497616308196045,
  "seed": 0,
  "terminal_time": 0.3,
  "total_seconds": 836.614624619484,
  "varadhan_vs_heat_mean_cosine": 1.0,
  "varadhan_vs_heat_rmse": 0.08016587651472845
}
