[INFO] - Unable to initialize backend 'tpu_driver': NOT_FOUND: Unable to find driver in registry given worker: 
[INFO] - Unable to initialize backend 'rocm': NOT_FOUND: Could not find registered platform with name: "rocm". Available platform names are: Interpreter CUDA Host
[INFO] - Unable to initialize backend 'tpu': module 'jaxlib.xla_extension' has no attribute 'get_tpu_client'
[INFO] - Using jax backend
[INFO] - Stage : Startup
[INFO] - Jax devices: [GpuDevice(id=0, process_index=0)]
[INFO] - run_path: /home/r0700008/scoremodel/results/earthquake_teacher_comparison/upstream_varadhan
[INFO] - hostname: mims-smp
[INFO] - Stage : Instantiate model
[INFO] - Stage : Instantiate dataset
[INFO] - Train size: 4896. Val size: 612. Test size: 612
[INFO] - Stage : Instantiate vector field model
[INFO] - Stage : Instantiate optimiser
[INFO] - Stage : Training
[INFO] - Unable to initialize backend 'tpu_driver': NOT_FOUND: Unable to find driver in registry given worker: 
[INFO] - Unable to initialize backend 'rocm': NOT_FOUND: Could not find registered platform with name: "rocm". Available platform names are: CUDA Host Interpreter
[INFO] - Unable to initialize backend 'tpu': module 'jaxlib.xla_extension' has no attribute 'get_tpu_client'
[INFO] - Using jax backend
[INFO] - Stage : Startup
[INFO] - Jax devices: [GpuDevice(id=0, process_index=0)]
[INFO] - run_path: /home/r0700008/scoremodel/results/earthquake_teacher_comparison/upstream_varadhan
[INFO] - hostname: mims-smp
[INFO] - Stage : Instantiate model
[INFO] - Stage : Instantiate dataset
[INFO] - Train size: 4896. Val size: 612. Test size: 612
[INFO] - Stage : Instantiate vector field model
[INFO] - Stage : Instantiate optimiser
[INFO] - Stage : Test
[INFO] - Generating plots
[INFO] - Prop samples in M = 100.0%
